// Jest Snapshot v1, https://goo.gl/fbAQLP

exports[`ClayToggle should render 1`] = `
<DocumentFragment>
  <label
    class="toggle-switch"
  >
    <input
      class="toggle-switch-check"
      type="checkbox"
    />
    <span
      aria-hidden="true"
      class="toggle-switch-bar"
    >
      <span
        class="toggle-switch-handle"
        data-label-off=""
        data-label-on=""
      />
    </span>
  </label>
</DocumentFragment>
`;
